
> frontend@0.1.0 build
> next build

   Ôû▓ Next.js 15.3.5
   - Environments: .env

   Creating an optimized production build ...
 Ô£ô Compiled successfully in 26.0s
   Linting and checking validity of types ...
Failed to compile.

./app/candidate/dashboard/skills-assessment/complete/[assessmentId]/page.tsx:19:24
Type error: 'params' is possibly 'null'.

  17 |   const router = useRouter();
  18 |   const params = useParams();
> 19 |   const assessmentId = params.id as string;
     |                        ^
  20 |
  21 |   const [showCelebration, setShowCelebration] = useState(false);
  22 |   const [isProcessing, setIsProcessing] = useState(true);
Next.js build worker exited with code: 1 and signal: null
