
> backend@1.0.0 dev
> nodemon --exec "ts-node --transpile-only src/server.ts"

[33m[nodemon] 3.1.11[39m
[33m[nodemon] to restart at any time, enter `rs`[39m
[33m[nodemon] watching path(s): *.*[39m
[33m[nodemon] watching extensions: js,mjs,cjs,json[39m
[32m[nodemon] starting `ts-node --transpile-only src/server.ts`[39m
🤖 AIQuestionGenerationService initialized - URL: http://localhost:8000
🧪 VettingService initialized with baseUrl=http://localhost:8000
🔧 VectorEngineService initialized: { baseURL: 'http://localhost:8000', enabled: false }
🎯 QuestionController initialized
📋 Loading question routes...
 Question routes loaded successfully
✅ Postgresql connected successfully
✅ MongoDB connected successfully
🔧 [SCHEDULER] ScrapingScheduler initialized
⏸️ Scraping scheduler DISABLED (set SCRAPING_SCHEDULER_ENABLED=true)
Error: listen EADDRINUSE: address already in use :::5000
    at Server.setupListenHandle [as _listen2] (node:net:1940:16)
    at listenInCluster (node:net:1997:12)
    at Server.listen (node:net:2102:7)
    at D:\Fronx solutions\hiralent\backend\src\server.ts:38:12
    at processTicksAndRejections (node:internal/process/task_queues:105:5) {
  code: 'EADDRINUSE',
  errno: -4091,
  syscall: 'listen',
  address: '::',
  port: 5000
}
[31m[nodemon] app crashed - waiting for file changes before starting...[39m
